python : Traceback (most recent call last):
At line:1 char:1
+ python 
tests/backend/test_razorpay_integration.py 
2>&1 | Tee-Object - ...
+ ~~~~~~~~~~~~~~~~~~~~~~~~~~~~~~~~~~~~~~~~~~~
~~~~~~~~~~~
    + CategoryInfo          : NotSpecified:  
   (Traceback (most recent call last)::Stri  
  ng) [], RemoteException
    + FullyQualifiedErrorId : NativeCommandE 
   rror
 
  File "C:\Users\Parth bansal\Desktop\Arcon\t
ests\backend\test_razorpay_integration.py", 
line 149, in <module>
    main()
  File "C:\Users\Parth bansal\Desktop\Arcon\t
ests\backend\test_razorpay_integration.py", 
line 112, in main
    print("\n" + "\U0001f680 "*20)
  File "C:\Program 
Files\Python311\Lib\encodings\cp1252.py", 
line 19, in encode
    return codecs.charmap_encode(input,self.e
rrors,encoding_table)[0]
           ^^^^^^^^^^^^^^^^^^^^^^^^^^^^^^^^^^
^^^^^^^^^^^^^^^^^^^^^
UnicodeEncodeError: 'charmap' codec can't 
encode character '\U0001f680' in position 2: 
character maps to <undefined>
